C:\Aravindh\event-attendance\src\main\java\com\eventapp\config\DataSeeder.java
C:\Aravindh\event-attendance\src\main\java\com\eventapp\controller\AdminController.java
C:\Aravindh\event-attendance\src\main\java\com\eventapp\controller\AuthController.java
C:\Aravindh\event-attendance\src\main\java\com\eventapp\controller\UserEventController.java
C:\Aravindh\event-attendance\src\main\java\com\eventapp\EventAttendanceApplication.java
C:\Aravindh\event-attendance\src\main\java\com\eventapp\model\EventItem.java
C:\Aravindh\event-attendance\src\main\java\com\eventapp\model\EventRegistration.java
C:\Aravindh\event-attendance\src\main\java\com\eventapp\model\User.java
C:\Aravindh\event-attendance\src\main\java\com\eventapp\repository\EventRegistrationRepository.java
C:\Aravindh\event-attendance\src\main\java\com\eventapp\repository\EventRepository.java
C:\Aravindh\event-attendance\src\main\java\com\eventapp\repository\UserRepository.java
C:\Aravindh\event-attendance\src\main\java\com\eventapp\service\EventService.java
C:\Aravindh\event-attendance\src\main\java\com\eventapp\service\UserService.java
